------------------------------------------------------------
Timing Analyzer Summary
------------------------------------------------------------

Type  : Slow 1100mV 85C Model Setup 'u6|sdram_pll1|sdram_pll_inst|altera_pll_i|general[0].gpll~PLL_OUTPUT_COUNTER|divclk'
Slack : -6.632
TNS   : -543.652

Type  : Slow 1100mV 85C Model Setup 'clock_27_1'
Slack : 2.135
TNS   : 0.000

Type  : Slow 1100mV 85C Model Setup 'clock_50_0'
Slack : 13.376
TNS   : 0.000

Type  : Slow 1100mV 85C Model Setup 'u6|sdram_pll1|sdram_pll_inst|altera_pll_i|general[2].gpll~PLL_OUTPUT_COUNTER|divclk'
Slack : 42.039
TNS   : 0.000

Type  : Slow 1100mV 85C Model Hold 'u6|sdram_pll1|sdram_pll_inst|altera_pll_i|general[0].gpll~PLL_OUTPUT_COUNTER|divclk'
Slack : 0.224
TNS   : 0.000

Type  : Slow 1100mV 85C Model Hold 'clock_50_0'
Slack : 0.226
TNS   : 0.000

Type  : Slow 1100mV 85C Model Hold 'u6|sdram_pll1|sdram_pll_inst|altera_pll_i|general[2].gpll~PLL_OUTPUT_COUNTER|divclk'
Slack : 0.317
TNS   : 0.000

Type  : Slow 1100mV 85C Model Hold 'clock_27_1'
Slack : 0.373
TNS   : 0.000

Type  : Slow 1100mV 85C Model Recovery 'u6|sdram_pll1|sdram_pll_inst|altera_pll_i|general[0].gpll~PLL_OUTPUT_COUNTER|divclk'
Slack : -6.803
TNS   : -2625.124

Type  : Slow 1100mV 85C Model Recovery 'u6|sdram_pll1|sdram_pll_inst|altera_pll_i|general[2].gpll~PLL_OUTPUT_COUNTER|divclk'
Slack : -5.829
TNS   : -87.381

Type  : Slow 1100mV 85C Model Recovery 'clock_27_1'
Slack : 2.027
TNS   : 0.000

Type  : Slow 1100mV 85C Model Removal 'clock_27_1'
Slack : 0.489
TNS   : 0.000

Type  : Slow 1100mV 85C Model Removal 'u6|sdram_pll1|sdram_pll_inst|altera_pll_i|general[2].gpll~PLL_OUTPUT_COUNTER|divclk'
Slack : 1.726
TNS   : 0.000

Type  : Slow 1100mV 85C Model Removal 'u6|sdram_pll1|sdram_pll_inst|altera_pll_i|general[0].gpll~PLL_OUTPUT_COUNTER|divclk'
Slack : 1.729
TNS   : 0.000

Type  : Slow 1100mV 85C Model Minimum Pulse Width 'u6|sdram_pll1|sdram_pll_inst|altera_pll_i|general[0].gpll~FRACTIONAL_PLL|vcoph[0]'
Slack : 0.450
TNS   : 0.000

Type  : Slow 1100mV 85C Model Minimum Pulse Width 'u6|sdram_pll1|sdram_pll_inst|altera_pll_i|general[0].gpll~PLL_OUTPUT_COUNTER|divclk'
Slack : 2.830
TNS   : 0.000

Type  : Slow 1100mV 85C Model Minimum Pulse Width 'clock_50_0'
Slack : 8.593
TNS   : 0.000

Type  : Slow 1100mV 85C Model Minimum Pulse Width 'clock_27_1'
Slack : 13.619
TNS   : 0.000

Type  : Slow 1100mV 85C Model Minimum Pulse Width 'u6|sdram_pll1|sdram_pll_inst|altera_pll_i|general[2].gpll~PLL_OUTPUT_COUNTER|divclk'
Slack : 21.358
TNS   : 0.000

Type  : Slow 1100mV 0C Model Setup 'u6|sdram_pll1|sdram_pll_inst|altera_pll_i|general[0].gpll~PLL_OUTPUT_COUNTER|divclk'
Slack : -6.520
TNS   : -529.778

Type  : Slow 1100mV 0C Model Setup 'clock_27_1'
Slack : 2.458
TNS   : 0.000

Type  : Slow 1100mV 0C Model Setup 'clock_50_0'
Slack : 13.482
TNS   : 0.000

Type  : Slow 1100mV 0C Model Setup 'u6|sdram_pll1|sdram_pll_inst|altera_pll_i|general[2].gpll~PLL_OUTPUT_COUNTER|divclk'
Slack : 42.076
TNS   : 0.000

Type  : Slow 1100mV 0C Model Hold 'clock_50_0'
Slack : 0.214
TNS   : 0.000

Type  : Slow 1100mV 0C Model Hold 'u6|sdram_pll1|sdram_pll_inst|altera_pll_i|general[0].gpll~PLL_OUTPUT_COUNTER|divclk'
Slack : 0.215
TNS   : 0.000

Type  : Slow 1100mV 0C Model Hold 'clock_27_1'
Slack : 0.249
TNS   : 0.000

Type  : Slow 1100mV 0C Model Hold 'u6|sdram_pll1|sdram_pll_inst|altera_pll_i|general[2].gpll~PLL_OUTPUT_COUNTER|divclk'
Slack : 0.296
TNS   : 0.000

Type  : Slow 1100mV 0C Model Recovery 'u6|sdram_pll1|sdram_pll_inst|altera_pll_i|general[0].gpll~PLL_OUTPUT_COUNTER|divclk'
Slack : -6.571
TNS   : -2542.909

Type  : Slow 1100mV 0C Model Recovery 'u6|sdram_pll1|sdram_pll_inst|altera_pll_i|general[2].gpll~PLL_OUTPUT_COUNTER|divclk'
Slack : -5.631
TNS   : -84.416

Type  : Slow 1100mV 0C Model Recovery 'clock_27_1'
Slack : 2.427
TNS   : 0.000

Type  : Slow 1100mV 0C Model Removal 'clock_27_1'
Slack : 0.425
TNS   : 0.000

Type  : Slow 1100mV 0C Model Removal 'u6|sdram_pll1|sdram_pll_inst|altera_pll_i|general[0].gpll~PLL_OUTPUT_COUNTER|divclk'
Slack : 1.533
TNS   : 0.000

Type  : Slow 1100mV 0C Model Removal 'u6|sdram_pll1|sdram_pll_inst|altera_pll_i|general[2].gpll~PLL_OUTPUT_COUNTER|divclk'
Slack : 1.575
TNS   : 0.000

Type  : Slow 1100mV 0C Model Minimum Pulse Width 'u6|sdram_pll1|sdram_pll_inst|altera_pll_i|general[0].gpll~FRACTIONAL_PLL|vcoph[0]'
Slack : 0.450
TNS   : 0.000

Type  : Slow 1100mV 0C Model Minimum Pulse Width 'u6|sdram_pll1|sdram_pll_inst|altera_pll_i|general[0].gpll~PLL_OUTPUT_COUNTER|divclk'
Slack : 2.802
TNS   : 0.000

Type  : Slow 1100mV 0C Model Minimum Pulse Width 'clock_50_0'
Slack : 8.567
TNS   : 0.000

Type  : Slow 1100mV 0C Model Minimum Pulse Width 'clock_27_1'
Slack : 13.578
TNS   : 0.000

Type  : Slow 1100mV 0C Model Minimum Pulse Width 'u6|sdram_pll1|sdram_pll_inst|altera_pll_i|general[2].gpll~PLL_OUTPUT_COUNTER|divclk'
Slack : 21.305
TNS   : 0.000

Type  : Fast 1100mV 85C Model Setup 'u6|sdram_pll1|sdram_pll_inst|altera_pll_i|general[0].gpll~PLL_OUTPUT_COUNTER|divclk'
Slack : -4.149
TNS   : -340.433

Type  : Fast 1100mV 85C Model Setup 'clock_27_1'
Slack : 4.254
TNS   : 0.000

Type  : Fast 1100mV 85C Model Setup 'clock_50_0'
Slack : 15.772
TNS   : 0.000

Type  : Fast 1100mV 85C Model Setup 'u6|sdram_pll1|sdram_pll_inst|altera_pll_i|general[2].gpll~PLL_OUTPUT_COUNTER|divclk'
Slack : 42.990
TNS   : 0.000

Type  : Fast 1100mV 85C Model Hold 'u6|sdram_pll1|sdram_pll_inst|altera_pll_i|general[0].gpll~PLL_OUTPUT_COUNTER|divclk'
Slack : 0.132
TNS   : 0.000

Type  : Fast 1100mV 85C Model Hold 'clock_50_0'
Slack : 0.134
TNS   : 0.000

Type  : Fast 1100mV 85C Model Hold 'clock_27_1'
Slack : 0.180
TNS   : 0.000

Type  : Fast 1100mV 85C Model Hold 'u6|sdram_pll1|sdram_pll_inst|altera_pll_i|general[2].gpll~PLL_OUTPUT_COUNTER|divclk'
Slack : 0.184
TNS   : 0.000

Type  : Fast 1100mV 85C Model Recovery 'u6|sdram_pll1|sdram_pll_inst|altera_pll_i|general[0].gpll~PLL_OUTPUT_COUNTER|divclk'
Slack : -4.436
TNS   : -1711.999

Type  : Fast 1100mV 85C Model Recovery 'u6|sdram_pll1|sdram_pll_inst|altera_pll_i|general[2].gpll~PLL_OUTPUT_COUNTER|divclk'
Slack : -3.869
TNS   : -58.018

Type  : Fast 1100mV 85C Model Recovery 'clock_27_1'
Slack : 4.319
TNS   : 0.000

Type  : Fast 1100mV 85C Model Removal 'clock_27_1'
Slack : 0.268
TNS   : 0.000

Type  : Fast 1100mV 85C Model Removal 'u6|sdram_pll1|sdram_pll_inst|altera_pll_i|general[0].gpll~PLL_OUTPUT_COUNTER|divclk'
Slack : 1.067
TNS   : 0.000

Type  : Fast 1100mV 85C Model Removal 'u6|sdram_pll1|sdram_pll_inst|altera_pll_i|general[2].gpll~PLL_OUTPUT_COUNTER|divclk'
Slack : 1.138
TNS   : 0.000

Type  : Fast 1100mV 85C Model Minimum Pulse Width 'u6|sdram_pll1|sdram_pll_inst|altera_pll_i|general[0].gpll~FRACTIONAL_PLL|vcoph[0]'
Slack : 0.450
TNS   : 0.000

Type  : Fast 1100mV 85C Model Minimum Pulse Width 'u6|sdram_pll1|sdram_pll_inst|altera_pll_i|general[0].gpll~PLL_OUTPUT_COUNTER|divclk'
Slack : 2.936
TNS   : 0.000

Type  : Fast 1100mV 85C Model Minimum Pulse Width 'clock_50_0'
Slack : 8.576
TNS   : 0.000

Type  : Fast 1100mV 85C Model Minimum Pulse Width 'clock_27_1'
Slack : 13.476
TNS   : 0.000

Type  : Fast 1100mV 85C Model Minimum Pulse Width 'u6|sdram_pll1|sdram_pll_inst|altera_pll_i|general[2].gpll~PLL_OUTPUT_COUNTER|divclk'
Slack : 21.598
TNS   : 0.000

Type  : Fast 1100mV 0C Model Setup 'u6|sdram_pll1|sdram_pll_inst|altera_pll_i|general[0].gpll~PLL_OUTPUT_COUNTER|divclk'
Slack : -3.817
TNS   : -313.036

Type  : Fast 1100mV 0C Model Setup 'clock_27_1'
Slack : 4.962
TNS   : 0.000

Type  : Fast 1100mV 0C Model Setup 'clock_50_0'
Slack : 16.177
TNS   : 0.000

Type  : Fast 1100mV 0C Model Setup 'u6|sdram_pll1|sdram_pll_inst|altera_pll_i|general[2].gpll~PLL_OUTPUT_COUNTER|divclk'
Slack : 43.062
TNS   : 0.000

Type  : Fast 1100mV 0C Model Hold 'clock_27_1'
Slack : 0.083
TNS   : 0.000

Type  : Fast 1100mV 0C Model Hold 'u6|sdram_pll1|sdram_pll_inst|altera_pll_i|general[0].gpll~PLL_OUTPUT_COUNTER|divclk'
Slack : 0.120
TNS   : 0.000

Type  : Fast 1100mV 0C Model Hold 'clock_50_0'
Slack : 0.123
TNS   : 0.000

Type  : Fast 1100mV 0C Model Hold 'u6|sdram_pll1|sdram_pll_inst|altera_pll_i|general[2].gpll~PLL_OUTPUT_COUNTER|divclk'
Slack : 0.168
TNS   : 0.000

Type  : Fast 1100mV 0C Model Recovery 'u6|sdram_pll1|sdram_pll_inst|altera_pll_i|general[0].gpll~PLL_OUTPUT_COUNTER|divclk'
Slack : -4.044
TNS   : -1559.921

Type  : Fast 1100mV 0C Model Recovery 'u6|sdram_pll1|sdram_pll_inst|altera_pll_i|general[2].gpll~PLL_OUTPUT_COUNTER|divclk'
Slack : -3.522
TNS   : -52.809

Type  : Fast 1100mV 0C Model Recovery 'clock_27_1'
Slack : 5.023
TNS   : 0.000

Type  : Fast 1100mV 0C Model Removal 'clock_27_1'
Slack : 0.202
TNS   : 0.000

Type  : Fast 1100mV 0C Model Removal 'u6|sdram_pll1|sdram_pll_inst|altera_pll_i|general[0].gpll~PLL_OUTPUT_COUNTER|divclk'
Slack : 0.842
TNS   : 0.000

Type  : Fast 1100mV 0C Model Removal 'u6|sdram_pll1|sdram_pll_inst|altera_pll_i|general[2].gpll~PLL_OUTPUT_COUNTER|divclk'
Slack : 0.934
TNS   : 0.000

Type  : Fast 1100mV 0C Model Minimum Pulse Width 'u6|sdram_pll1|sdram_pll_inst|altera_pll_i|general[0].gpll~FRACTIONAL_PLL|vcoph[0]'
Slack : 0.450
TNS   : 0.000

Type  : Fast 1100mV 0C Model Minimum Pulse Width 'u6|sdram_pll1|sdram_pll_inst|altera_pll_i|general[0].gpll~PLL_OUTPUT_COUNTER|divclk'
Slack : 2.935
TNS   : 0.000

Type  : Fast 1100mV 0C Model Minimum Pulse Width 'clock_50_0'
Slack : 8.567
TNS   : 0.000

Type  : Fast 1100mV 0C Model Minimum Pulse Width 'clock_27_1'
Slack : 13.432
TNS   : 0.000

Type  : Fast 1100mV 0C Model Minimum Pulse Width 'u6|sdram_pll1|sdram_pll_inst|altera_pll_i|general[2].gpll~PLL_OUTPUT_COUNTER|divclk'
Slack : 21.589
TNS   : 0.000

------------------------------------------------------------
